[2026-04-10 10:13] Starting backup...
[2026-04-10] MEMORY.md âœ…
[2026-04-10] MATS v3.0 âœ…
[2026-04-10] Compliance Framework âœ…
[2026-04-10] Gatekeeper âœ…
[2026-04-10] Daily Checklist âœ…
[2026-04-10] ToDo List âœ…
[2026-04-10 10:13] Backup complete.
[2026-04-11 09:00] Starting backup...
[2026-04-11 09:00] Backup complete.
[2026-04-12 01:41] Starting backup...
[2026-04-12] iCloud: MEMORY.md âœ…
[2026-04-12] iCloud: Multi_Agent_Trading_System_v3.0.md âœ…
[2026-04-12] iCloud: Dragon_ToDo_v1.md âœ…
[2026-04-12] iCloud: Agent_Prompts/compliance_framework_v1.md âœ…
[2026-04-12] iCloud: Agent_Prompts/gatekeeper_v1.md âœ…
[2026-04-12] iCloud: Agent_Prompts/daily_checklist_v1.md âœ…
[2026-04-12] iCloud: Agent_Prompts/ninja_startup_sop_v1.md âœ…
[2026-04-12] DragonVault not mounted - skipping local backup
[2026-04-12 01:41] Backup complete.
[2026-04-12 01:43] Starting backup...
[2026-04-12] DragonVault not mounted - skipping local backup
[2026-04-12 01:43] Backup complete.
[2026-04-12 02:01] Starting backup...
[2026-04-12] iCloud: MEMORY.md âœ…
[2026-04-12] iCloud: Multi_Agent_Trading_System_v3.0.md âœ…
[2026-04-12] iCloud: Dragon_ToDo_v1.md âœ…
[2026-04-12] iCloud: Agent_Prompts/compliance_framework_v1.md âœ…
[2026-04-12] iCloud: Agent_Prompts/gatekeeper_v1.md âœ…
[2026-04-12] iCloud: Agent_Prompts/daily_checklist_v1.md âœ…
[2026-04-12] iCloud: Agent_Prompts/ninja_startup_sop_v1.md âœ…
[2026-04-12] Vault: MEMORY.md âœ…
[2026-04-12] Vault: Multi_Agent_Trading_System_v3.0.md âœ…
[2026-04-12] Vault: Dragon_ToDo_v1.md âœ…
[2026-04-12] Vault: Agent_Prompts/compliance_framework_v1.md âœ…
[2026-04-12] Vault: Agent_Prompts/gatekeeper_v1.md âœ…
[2026-04-12] Vault: Agent_Prompts/daily_checklist_v1.md âœ…
[2026-04-12] Vault: Agent_Prompts/ninja_startup_sop_v1.md âœ…
Transfer starting: 1419 files
./
.DS_Store
.gitignore
01_Decision_Log.md
02_Assets_Library.md
2026-OPS-001_AnyDesk_SOP.md
AGENTS.md
BOOTSTRAP.md
Capital_Allocation_Blueprint_v1.0.md
Capital_Flow_Model_v1.0.md
Dragon_Team_Protocol_V6.md
Dragon_Team_Protocol_V6_Print.md
Dragon_ToDo_v1.md
Dual_System_Blueprint_v1.0.md
Dual_System_Blueprint_v2.0.md
HEARTBEAT.md
IDENTITY.md
LLC SOS
MATS_v1_scope_lock.md
MEMORY.md
Master_Task_List_v1.0.md
Master_Tree_v1.0.md
Master_Tree_v2.0.md
Multi_Agent_Reference_Notes_v1.0.md
Multi_Agent_Reference_Notes_v2.0.md
Multi_Agent_Structure_v1.0.md
Multi_Agent_Structure_v2.0.md
Multi_Agent_Trading_System_v1.0.md
Multi_Agent_Trading_System_v2.0.md
Multi_Agent_Trading_System_v3.0.md
Multi_Agent_Trading_System_v3.0_Draft.md
Multi_Agent_Trading_System_v3.0_Print.md
Notes_20260406.md
Notes_20260406_ArchitectureDesign.md
Notes_20260406_RoleRedesign.md
Progress_Report_Apr3_Apr6.md
Prop_Firm_Launch_Plan_v1.0.md
Prop_Firm_Risk_Rules_v1.0.md
Quick_Reference.md
SOUL.md
TODO_and_Requirements.md
TOOLS.md
USER.md
camarilla-formula1-spx.pine
camarilla-formula2-spx.pine
camarilla-formula2-thinkscript.txt
camarilla-formula2b-thinkscript.txt
camarilla-formula3-futures.pine
camarilla-nextday-th-tl-clean.pine
camarilla-nextday-th-tl-preview.pine
camarilla-pivot-indicator-thinkscript.txt
camarilla-pivot-indicator-vB-clean.pine
camarilla-pivot-indicator-vB.pine
camarilla-pivot-indicator.pine
camarilla-pivot-indicator.ts
camarilla-weekly-thinkscript.txt
prop-firm-rules.md
trading-ai-plan.md
é¾\#231å¤§å\#223¥ç³»ç»\#237ç¬\#224è®°_01.md
.git/
.git/COMMIT_EDITMSG
.git/FETCH_HEAD
.git/HEAD
.git/ORIG_HEAD
.git/config
.git/description
.git/index
.git/hooks/
.git/hooks/applypatch-msg.sample
.git/hooks/commit-msg.sample
.git/hooks/fsmonitor-watchman.sample
.git/hooks/post-update.sample
.git/hooks/pre-applypatch.sample
.git/hooks/pre-commit.sample
.git/hooks/pre-merge-commit.sample
.git/hooks/pre-push.sample
.git/hooks/pre-rebase.sample
.git/hooks/pre-receive.sample
.git/hooks/prepare-commit-msg.sample
.git/hooks/push-to-checkout.sample
.git/hooks/update.sample
.git/info/
.git/info/exclude
.git/logs/
.git/logs/HEAD
.git/logs/refs/
.git/logs/refs/heads/
.git/logs/refs/heads/main
.git/logs/refs/remotes/
.git/logs/refs/remotes/origin/
.git/logs/refs/remotes/origin/main
.git/objects/
.git/objects/00/
.git/objects/00/0412c6a370aa68d2982125ae36b848d88ccda7
.git/objects/00/74d4f158a1775474c49b5ab7536f67c8d4890b
.git/objects/00/ba3203f92e504758ebaf79e81a1a95a3bd2425
.git/objects/01/
.git/objects/01/2ebe5121abc74065500f4a3497aa438d3e9da0
.git/objects/01/42f56308fe7d2a213b7356065a0785d5aa2b5b
.git/objects/01/5102b3aaae53dac4d9c7e7d28374c87e2ede49
.git/objects/02/
.git/objects/02/2308e490bf37b80e8546281be84aa22b8f6eb0
.git/objects/02/2e55463982d959569b316948c124e1618ebfeb
.git/objects/02/941f33a3af1679c7f4049fde395b718e05ed5d
.git/objects/02/abbe2252cb6fefa67383f2f7c5ce8e29e3c7ba
.git/objects/02/dc5e8e52c7da7223c0dc9b9f408b649b93c186
.git/objects/02/ded4507a42119f88b710c53ea4a38bd5a23e54
.git/objects/03/
.git/objects/03/0e49757c5a9560dedeb9671e2f5e477120d88a
.git/objects/03/5e472c147c281fbacc8affadd2fc19012f6035
.git/objects/03/714be3e3f21831200b8d11733f53cd69014838
.git/objects/03/973d2324592f47ca27cdd9e429b46ebe85ec31
.git/objects/03/b2480af000a7cbc8920d38fc84003ce67004ed
.git/objects/03/d0b9d6c1a590bdf690fe9413de0263ea9a436d
.git/objects/04/
.git/objects/04/6d20554e36c063569cbcc3404eb4c770c1af5b
.git/objects/04/a1776974e969bf66807e01cc2060c90506c81a
.git/objects/05/
.git/objects/05/8eb6cd945928dc1dfddf378c34573836565a6a
.git/objects/05/dbfe86f4f30231849c71fb25d5ca9578fb9172
.git/objects/06/
.git/objects/06/428548ffc8ca9a790374865e80f4871e220978
.git/objects/06/b309a0a6ede4cc7088f30d5e76f58d343acb82
.git/objects/06/ecbddafeb4bb56d1aebd2a5ea323f06446e4c4
.git/objects/07/
.git/objects/07/ec3106d026b33ab866d72d59b3fdfc1e5185db
.git/objects/07/f71f7cf46e60b42f5e23f9c9fe8de939fcad66
.git/objects/08/
.git/objects/08/5e8de3c52860fe3314fd6e82a17d9deef84801
.git/objects/08/bd01be0b3c4f4beaf12ebeddcd2dd02f9a5180
.git/objects/08/de8c6013ca16735a65177594630dce022c0700
.git/objects/09/
.git/objects/09/756830fee91e98b1c07508582c08e2a701f107
.git/objects/09/fabaf25b2d9d93c2c28e976a4869c6c5a2b536
.git/objects/0a/
.git/objects/0a/26b4a19ec9160e89f65f20a466b65d93468088
.git/objects/0a/2bc7a616c3f05ee53cf198cfe98d0e3489831d
.git/objects/0a/b77b02cce9f3d30f159924c6507b8530fc1c91
.git/objects/0b/
.git/objects/0b/43bd01b5d31ac0a8d77e490fc494eeb494e8f1
.git/objects/0b/991597842635b57acf5c486b4d3605f1c286c9
.git/objects/0b/f6bbcc36d4f63a3f72390d7289b941de8d152d
.git/objects/0b/fba4037fc5d9b4e9fd844e46ec82be8edd6a4f
.git/objects/0c/
.git/objects/0c/02472c086b47359b63dba482c77cef3c68092f
.git/objects/0c/052c73307d473c1046144b9f27a4c645faf66a
.git/objects/0c/8c3eedf19721111ea38fa8a4dd0cbc3c9a089d
.git/objects/0c/f8a6386e7149d30ca52531fe4993922d48e9f6
.git/objects/0d/
.git/objects/0d/11aaaa700383284a064c3596911cc4349ac5bb
.git/objects/0d/384ec2dc823a3627e8f4e7d47c048dbf99786b
.git/objects/0d/61bb3efd58832251d6adc18742a38874e1a048
.git/objects/0e/
.git/objects/0e/06398b3fb50e90c6638d8ce17c7d29b3c2c377
.git/objects/0e/2445993eeeda6972e82c4f0f59421e2153e80c
.git/objects/0e/6b29edde3eb7f1a2b2affcc7c2586c384dbbf2
.git/objects/0e/94e0583e13ce5fc310f329e211e0ba18e5c752
.git/objects/0f/
.git/objects/0f/65fac08cb40249bb710977db0207dbdbb66630
.git/objects/0f/82777846cd9dcee5c1ea59676848447e941419
.git/objects/0f/acf6893ad26fa38d7470807edd4b10eea16e33
.git/objects/0f/f98f9eac61e53996ba7a60c9ace575e62f01e1
.git/objects/0f/ff58e5155d1c82becb93588671fcd00824c06f
.git/objects/10/
.git/objects/10/00a180c509ec769a4a430ba5a3ae3578023138
.git/objects/10/78eb9d6e7b52f3cf11edaf91ea14e942a78d1e
.git/objects/10/81bc7506e45528a8dc6edbf6d8072727562f6e
.git/objects/10/cf77c13d68f3038d15c45370c5eb170080afc1
.git/objects/10/d44895c99aa3ba90b3f3fdf5e3adee5d8cc8f9
.git/objects/11/
.git/objects/11/4b13a42058b4b00a87328186b92c5bd9376156
.git/objects/11/93349ddf521cfb920951f08653535ce0c4f869
.git/objects/12/
.git/objects/12/1db67f941f7308fb84a688ef880bb9e42bac62
.git/objects/12/5b066653a34950d9eae5cd162449b4e036f632
.git/objects/12/8a99fb6c58b343ba6e9b288a66e64f8fe03001
.git/objects/13/
.git/objects/13/a2bc0c1123b7be823e3a3a9ef21a7cc466657a
.git/objects/13/b570dfb51c955e76b5c18fc52fc3b618511828
.git/objects/13/dec75130b13928b2af6cc52d974fbea40072fb
.git/objects/14/
.git/objects/14/2b6464d365de5be4caff358f7bca5e1a8c96aa
.git/objects/14/84f6de6ab46f2e60f1b3d16b230197acdcad9a
.git/objects/14/d86d01645d278d46aa9dfe8bd00a43de994351
.git/objects/14/d9accb5ae565d781da5fde33e5f157be66f68e
.git/objects/14/e18430a5753f033aa9a9a5c2dd0abb2a796e75
.git/objects/15/
.git/objects/15/0acbc0617604219739b3d0b491e3da1ba279e7
.git/objects/15/ad87e5e10fb4315efc887d84c9be7250dcb4ab
.git/objects/16/
.git/objects/16/7c79dd833a0e6219ab383939f95484abc7228a
.git/objects/16/ac8bbc3fa942edf89fef3dd6d593d342dc60ea
.git/objects/17/
.git/objects/17/8a19876ebae960d904b50eb82e5428df3267c3
.git/objects/17/cce6118700170fc0e23d86a42af861087cdd0c
.git/objects/18/
.git/objects/18/35713e8d3251e09d2cce05cb983e1960a605a2
.git/objects/18/c5897ab3deec646277f567569f07750f5acd5b
.git/objects/18/d841208dafefaeb8b8db031347f4025f668f69
.git/objects/18/da6165253ab78f626c795af0bccc695131a6a6
.git/objects/18/de9f9b60401147367cd610feb14101c676a398
.git/objects/19/
.git/objects/19/530634626163bd271a8f284404f499ee0bdbba
.git/objects/1a/
.git/objects/1a/b26a94eb748764c1cec1d850683b5b03188c2f
.git/objects/1a/ba4923faea876024f68fd6d94622ca94768cf5
.git/objects/1a/cb36449f7e440b06d8fa096cf43f1200af277d
.git/objects/1b/
.git/objects/1b/4657298c6a5dd3906a2540233d3bc7a2bc2366
.git/objects/1b/58f74ccaadf78c9131ad5a26b03dcf8975384c
.git/objects/1b/93ec5d08bdbe210abe2e9ccf984bc85fc90ec3
.git/objects/1c/
.git/objects/1c/1d95a0c5c4e72256e4637fc0daa874d8dc57d4
.git/objects/1c/473f1f13ec9107ee6892eb99165359a66c3a7e
.git/objects/1c/a1fa3801a9f71e4a2bbd50c1374ff89c9501bc
.git/objects/1c/b714ccef5c14b4595d9e1d47d8ca15982dfcfc
.git/objects/1c/fa5b4fd166cbe7df951c4c8b3fa21c6849e5e4
.git/objects/1d/
.git/objects/1d/058933fdb86eabe5afb3ef42cdd860d6334428
.git/objects/1d/450746c305e97f7c522a7acf4400e42117be86
.git/objects/1d/6392b9a41a6202fc17cf6260eb87d9545052db
.git/objects/1d/8890d4d524b6768095766a7ef0e18039ef3ce4
.git/objects/1e/
.git/objects/1e/196819682551d16810be81db2a8405cfcee5e3
.git/objects/1e/1ca0ff68da0976ed7f838a0a376ae2235dd563
.git/objects/1e/7429f8499f071fab7ed8804b402ced4e1f4b93
.git/objects/1f/
.git/objects/1f/5b4f612532315b52689722bb6e346f0bce924d
.git/objects/1f/b25334c8ad30292622066e5cec0cd86a3b944e
.git/objects/1f/d5994a72a3a505516239a4bcf1240a8015ed54
.git/objects/1f/f191201283f9dbd9b8f62aeadee61fbc920c32
.git/objects/20/
.git/objects/20/4253395ae4a235cb3dc64794b65a75e86aefcd
.git/objects/20/5e74f8ff620025a281070f6b72c80da271c9d2
.git/objects/20/a0f0c285cf9a4e4171c2b1fab7f09189abeb76
.git/objects/20/c97c92911c8d0dc9a1dd2560241ab0fa78d62c
.git/objects/21/
.git/objects/21/472bfa5a7166be053b41bbc16bd913ef36a0ca
.git/objects/22/
.git/objects/22/4e9b813f20372619c19b9501fdf4e6af24c019
.git/objects/22/dcf8b3cab75de91bafb2ca1165f1cdd8b255f3
.git/objects/22/ef303b20fd62eea4c3de90a6439e176f1b3c10
.git/objects/23/
.git/objects/23/262f63d7bf458052b7d6ffa934859c68ffaaf3
.git/objects/23/31b9a82c32a197af5186d4651b16874c0cb75c
.git/objects/23/5b67e825b4410c58ee2564eca933d852ff0271
.git/objects/23/ce05b0d18c976afab75fd2d2ba7e9d916d6b81
.git/objects/23/ed3281109088eba41ab61d9b3bc53ae0ceb9de
.git/objects/24/
.git/objects/24/2787b18ffe7f8d5ca044307239aa1009506cc9
.git/objects/24/9fffd6283a9ed623b5ff91d03203ad188ae8c7
.git/objects/24/b063317f8904024804956c310813b50d86e337
.git/objects/24/b648aa8bce45a50487d726889fe1f1ad43c733
.git/objects/24/d9003f235ac39086652250cb60609bdd180dc1
.git/objects/25/
.git/objects/25/071169c351fc9da6be4555608a3f01a9a245f5
.git/objects/25/1f5d940470b00fede06328b134ee46e193ce1f
.git/objects/25/58bbfe33fb27b41a4acc167c7fa8083ec53896
.git/objects/26/
.git/objects/26/34af687d2a645c2638404f1e0e3c219057e263
.git/objects/26/63b125fe88498c0aea002d33158da95710f2e8
.git/objects/26/90dc2f36ece836ed3594e86390edc277df2b1a
.git/objects/26/b8969b10071efb7e48a8893496db7d1450d002
.git/objects/27/
.git/objects/27/1988cf170818b7232d65b565117f76026644e0
.git/objects/27/91e66f235378aaf68365882120447efa6c97bb
.git/objects/27/9d882800dd9a33688be7346b6f6c867ffb3b45
.git/objects/28/
.git/objects/28/04adf2683929675fd1ff3716cb569207040366
.git/objects/28/3dc5bb5210923bf2d45dab4d0c8092ae5f962f
.git/objects/28/72615adb3f95bc3d53dd8d0fe2aa4825c5a66f
.git/objects/29/
.git/objects/29/10e4c4a663e6ddbce952f78d3b019d88009b83
.git/objects/29/996dbbf4fbbdb27c44c17c1b45b55a1aebbcef
.git/objects/29/ab0e76a76858a27e9a422e1868e2b21c60c152
.git/objects/29/cd56af1a6ff2ed1f9b21609bd3f0191b67a73d
.git/objects/2a/
.git/objects/2a/214c65a4b01f54cd9cc1f87a924e87b575c154
.git/objects/2a/46392428097f660c2bd7cc3d4015453c1cb952
.git/objects/2a/49cb890e3d26f61013ebaa03eca5e5a5c51bf9
.git/objects/2a/5d7b64f41e4075aef89d7929a3ae64d56b144a
.git/objects/2a/838ad7532fadb4d881dd718c0dfb6a81ff76bc
.git/objects/2a/f1b755e5d65b2910b98be372ea0b4affe8c094
.git/objects/2b/
.git/objects/2b/233cced474b36659b7870c10e3273dc3aa1a34
.git/objects/2b/73b22150e6b34549548049914d103d61d46c2c
.git/objects/2b/d175c317c99b6424da8c3d50d674039ad3222c
.git/objects/2b/d396049ead4808791d44bdbf88fdf42a9e7170
.git/objects/2b/e8ca3ac0dfb4436f7881b7fbbd5a0b2185e081
.git/objects/2c/
.git/objects/2c/a2139cf6154eb334ff1f170f4a945be74101a7
.git/objects/2c/a7a19c45c8bb5111f6e41d5befd180fc06e7b2
.git/objects/2c/b99da5ed459eac080145bc0860a9661705b4e9
.git/objects/2c/d2ecc9d3fe364a081effc9fda4f9c35b01a2c7
.git/objects/2d/
.git/objects/2d/2a762d5675ae832984bedcc2f355f537b7e11f
.git/objects/2d/73059c77d9a103eed1da1a062d37ac52cf60bf
.git/objects/2d/e670d9c1340471bea0bd6fdbc8381667a82c8e
.git/objects/2d/ec9fe96f430c356bed59ad9f1cc3f503b4eec7
.git/objects/2e/
.git/objects/2e/0f47ed4d4f25aa4380a2605f2c490f7d51565d
.git/objects/2e/3f8446cf3913811cb4f7e7d35067e818725653
.git/objects/2f/
.git/objects/2f/0d1e43db4eeb0c54fb3117da1c50460ebfde67
.git/objects/2f/63ac11d9b2ac461d010e0260f96abacaec242f
.git/objects/2f/8901ca3286b5bd161c3a918c81846ff2764114
.git/objects/2f/92e818557cf0fd21044c5b0f4748e638d8e5e6
.git/objects/2f/adbc9c3b3017d071b442e5d7b0b1f2fb47a5e8
.git/objects/30/
.git/objects/30/64dc537b54fdf2a574d260aa3db5fb056738ed
.git/objects/30/8bad91a6217a43776e9a2d1c20f70185bfdfda
.git/objects/30/a85a3f8c08454946a2292403499cd89311ff19
.git/objects/30/d373e0fc7ed5c245960dcb6b844eab8804bf63
.git/objects/31/
.git/objects/31/9d31b7474880a757120b975cd23c9b0e79f197
.git/objects/31/f1ae792c06c08962c89def6e267199ee5a93d8
.git/objects/32/
.git/objects/32/07f5d01dcd284a29e4af3f2940a99a62b5906a
.git/objects/32/469db0dbf4c10bfd3a6002c38eef2bc63325a9
.git/objects/32/4a432a67d4a11371960d5fc685fc9728593685
.git/objects/32/50dd8790d6381f3b68536d2447f6aea996e7af
.git/objects/32/5afcb444b674bb8f4c6fd9679e8e6fa75c624f
.git/objects/33/
.git/objects/33/15e9fcc402fed79f30c12cfcabfec59487d1a5
.git/objects/33/1f08f589d94f9ddd7c23948562ad2139ca0d60
.git/objects/33/b5e6233401ba64480de474a4e30c761322b1c9
.git/objects/33/bd6b5f8752f7cd87dcd9cdc8190107ccd1d24d
.git/objects/33/f06cb7f881e57d59c0882969c0df5b2d68ab1d
.git/objects/35/
.git/objects/35/68d9d8fef31ae69abb4984ae8c1f3c02ce15ab
.git/objects/35/7c452537cef7d78cb9e8f609b0c0d5c49b9b16
.git/objects/36/
.git/objects/36/1be02c47266b683aa87108a3e4c8ad80922ce3
.git/objects/36/27579833cef5fc29ec72ff668ffead9614a99f
.git/objects/36/a08947c966efbf4b8e231b4700c0c672d4ed1d
.git/objects/37/
.git/objects/37/04ea528b21499bd94584ebb8b1fb7999b374e1
.git/objects/37/2fcc8d6205b29d2b13af9d6ac324d01767494d
.git/objects/38/
.git/objects/38/19e37f250235296a95f7e7db7d9da44f1a69b0
.git/objects/38/9f00161ff4759c98f12645a39838dcbb81c35c
.git/objects/38/edbad48b291f28f58252dfbb326b8a9796c201
.git/objects/39/
.git/objects/39/0508b206eafd3b3f71aa2dc95154d18e26d15e
.git/objects/39/06eaee6209da0722a032950a95586bdd8fe9aa
.git/objects/39/201f29759b7c127fc8fe056253848104ee3339
.git/objects/39/4d3c326dc510c5aff66774b382800d7ec8d30b
.git/objects/3a/
.git/objects/3a/7c587dec802e149aa0b595dee180e01dbff3b8
.git/objects/3a/94105f51fcfb8163e49f3c45c671ec95995594
.git/objects/3a/a5533cc5ebec254618781e28d659aa994aa5bc
.git/objects/3a/b03f05c2818b67961cac30d9e884e6e60a4510
.git/objects/3a/f221dea4e761f875bfe7e5ed1913e91bfd8d2b
.git/objects/3b/
.git/objects/3b/090f505adce73fff4ef7b7223e6bec10276e52
.git/objects/3b/9dd98e9c04be32dc1563b3e87679b624500e84
.git/objects/3c/
.git/objects/3c/2bff70dd923202650f0720ff92fdde96260b66
.git/objects/3c/648c4dab1e2643bccaf1947c53b562378f63bd
.git/objects/3c/caf908854465dd0af4b6a13f36495920080aa6
.git/objects/3d/
.git/objects/3d/0891dd10e6953bf5a58b28332c0c82daf2f5b3
.git/objects/3d/b23b85a9f822a26f098d5097a907b12e029229
.git/objects/3d/f0f30175c4277000e2b6bb6dd42be16c59347e
.git/objects/3e/
.git/objects/3e/0831d7389e911bae68d79e3dbdb2ebe4ad08e9
.git/objects/3e/87c16366af9f41a361ff34e7bf85911ccd4849
.git/objects/3e/aa1c177b24de3de9a1fd09512009156c8bbd70
.git/objects/3e/c5bc1ac77fdb7f40bdd4696707e7720b8249aa
.git/objects/3e/f76f5c0ef421fc473b9a13d33902ae00c3def1
.git/objects/3f/
.git/objects/3f/1512dcbfa989e9287ea1f76a418e9ec2dbb113
.git/objects/3f/8190c8560196b9327af4a42da034599de7dc45
.git/objects/3f/8f399a5bc67473179a0b212ac34cf8512345fe
.git/objects/3f/9f717e62d49ef0c2ed1b1fd0c7f35988e0c5af
.git/objects/40/
.git/objects/40/3a5987d1daf820f0285c7733071b1cc4161eb9
.git/objects/40/e7801a2e18865495f27fecb191b8e5c6c6c429
.git/objects/41/
.git/objects/41/0989271ddc547e9ba6a0e8d6dfc622a15f8602
.git/objects/41/33b88fe05c86a9ff5d3ab45f4439077bb4e7d0
.git/objects/41/3ba0e258fd8bdbfcb51ff2a10d75c6ffebeace
.git/objects/41/43a28bc11907a50da3ebf761e4712f348a5a2a
.git/objects/41/9f71162a272c1848b6d59f4e3b543e56c3be92
.git/objects/42/
.git/objects/42/025a935e8a22e62ba4de09f7cb3d66bd4b3266
.git/objects/42/09c3da42fa6118736edf8c9e5fb9c4bc222f51
.git/objects/42/6eddf6df96aa924b3a58a7c069fc9c655e45bf
.git/objects/42/8fa789d0bb2a45747c2aa8ed23805b6f7ab09d
.git/objects/42/e7b6749682434ffb7ace2c9e18af38258c1075
.git/objects/42/f5f990a37271ac0cd3ba07b3017351b0a1b003
.git/objects/43/
.git/objects/43/01218d5ab1b8c2c2cd1b7c941303dffb804d98
.git/objects/43/8928c416863df5d948f334926255891e739f77
.git/objects/43/96034a86e405e305a3aa752a79b4cbe8649416
.git/objects/43/c12e4471c5052e737bbcaaadbbb2bc73477f64
.git/objects/44/
.git/objects/44/60f18814f809ab5a46c5de9820d8f5fb3d8541
.git/objects/44/66c24d59c767ec2480fdd85ab45addb2aaa00f
.git/objects/44/82d10819666793bef9ebf0f15c9db1407e6356
.git/objects/44/8c780b66b5faea2c9862107d6979e268c5249a
.git/objects/44/b33fd95be7258743d7eef4a7923447bc7c3ede
.git/objects/44/d63f8a09892a91ffc244c3314f026544a18471
.git/objects/44/f3555cc7805f534dc0103c1a67b1473251106f
.git/objects/45/
.git/objects/45/1bbb3ba6f2768b79ce62db47a811749da86d0a
.git/objects/45/6107cbae8251d4646c135eaf0a862ee8856b8f
.git/objects/45/750093aee9657dbafb15c8195479ad70218838
.git/objects/45/d52f14dae03f7fec687883c21a18486786bceb
.git/objects/46/
.git/objects/46/7a9c3da28524fb99aed14acf9a7865a7ff0ed0
.git/objects/46/a1a7b686699b60b4ef4f8d036c5e72969f9dad
.git/objects/48/
.git/objects/48/b32cb604a77596704d527f18909f24ad7a67f5
.git/objects/48/bd499c736b8d3cb296aca8a58410e3d279510c
.git/objects/48/ca7ffd4b2082f03819d0cae966da8619bc184b
.git/objects/48/ce960165eaac2ae24e3288357feebab87f8e03
.git/objects/48/db3c17a2061715f21cf21502177cea89d0458d
.git/objects/48/ea7165be5d5bfa3ad9008668c01c1db350f72b
.git/objects/48/eaffecc38ce4ca83ee4ed9034809dcb23d4f02
.git/objects/48/fdaf730f553c8ec97b43282d49c48693a66ded
.git/objects/49/
.git/objects/49/2dfa9098c7495a8c870705b54590cff31f6515
.git/objects/49/5a1e0e8d52c1a98687a48c4d96471f8ec4bb21
.git/objects/49/bc1bc8ff3a9864bf4ed5d2b54b5ac611966f86
.git/objects/4a/
.git/objects/4a/1aa696cf8d1dc30cc5bafb5dcd7957fab90bce
.git/objects/4a/75db7862d0eef1b3cf0c0bda5f289020f7d6f7
.git/objects/4b/
.git/objects/4b/0abeef7e3f02ed40540fc732e7fb5280bfa4e3
.git/objects/4b/0c86704856c78e430477944ad969a8b1793cf0
.git/objects/4b/31642352b4de5469fcac22f5559fdf481f572a
.git/objects/4b/381e856f301d91592cdf133e98c1e35802a1e2
.git/objects/4b/841ffb419bb67200434a50cceb68f3d8c7a596
.git/objects/4b/bbc3e2a63640ee16d06d02e79a17582721ac5c
.git/objects/4b/d1a9fcb94a0e17b5e808aef1490a82b97307e1
.git/objects/4b/e25c9ee1110acfb9f926838b117e4d633af72d
.git/objects/4b/ef30c085739b7516da5ac31877309a7b51b5f0
.git/objects/4c/
.git/objects/4c/677affa1a4094ef812aa1e943d569cb8385266
.git/objects/4d/
.git/objects/4d/9a9626201a418d60331b4a2359109f9fd1d386
.git/objects/4d/9c2b760969f0d65315d7383939f5046043bce6
.git/objects/4e/
.git/objects/4e/7720e44d2f9bc3ca02ef4720d383889ae73a69
.git/objects/4e/e58b08b07b280abc0fd04f3f0692810e77a79a
.git/objects/4f/
.git/objects/4f/10d5c67e73b217ee74ae7e97033abd6743a526
.git/objects/4f/4bfadf7f8eb5cf49dbe7f510f24ac4da015248
.git/objects/4f/9b2833c4d608ad25d6774bfa3e390929aa566f
.git/objects/4f/c9c0df3cd812d7aef234e2023097a52a7252ad
.git/objects/51/
.git/objects/51/3f5db1f952e17e132ca3c46f2bd2e9d85d405b
.git/objects/51/74aabd7dd51bb4c74353b838b7ec20ef8373fd
.git/objects/51/fe684605c07b2d46ffd81d2b31792779882362
.git/objects/52/
.git/objects/52/0941d2aae4da44f54b2456ff6424956c077f4a
.git/objects/52/1d9bc750b1d7381eb6e8498b4a5c991a220e72
.git/objects/52/40c6814c44d376b3cf414512c3d86cbc5f5ed5
.git/objects/52/69399d05035a5563ee1ffa491e65378f233829
.git/objects/52/bbcc33ca968694f4423d5b45102f28d3eb15ab
.git/objects/52/de225227395fb6ccc3d862439bd0a3fbffe9d0
.git/objects/52/e62a3b6a0819dde1603ab8f246c00f1c92577e
.git/objects/53/
.git/objects/53/d13e94bb9926f537976495f3b308e1584dfe53
.git/objects/54/
.git/objects/54/84d7ed2545de4d4debc6c077ead5f2645400e8
.git/objects/54/b1eff595181c08da156d31481ed1c97db11ae3
.git/objects/55/
.git/objects/55/21c0d86a6bf77fb27a546ffced652fbccc3552
.git/objects/55/a83a9cffd3050647c5697a46e75f960a7f12bb
.git/objects/56/
.git/objects/56/23c53884e0cd32dd1c9acd9eb959a6d928c96f
.git/objects/56/28f5cba7967fc8adbcf312f702cf5003630f73
.git/objects/56/3784bf1d9d8460f08940ded443accc48cb4698
.git/objects/57/
.git/objects/57/0f90c9029e7f5d68282af6295943ca8fde6001
.git/objects/57/79e203d63d150aad8c5d8e2e81b275b21d871d
.git/objects/57/b8130eadfd5ff5f6e20db3fc809a00e509c4f7
.git/objects/57/f00277660af57ce91375719b465e2f35abc18e
.git/objects/58/
.git/objects/58/aa79fee3565c4f3622007dc5a109698118796d
.git/objects/58/cfd7d386ba341a7ef3b75247dd63912ab2af22
.git/objects/59/
.git/objects/59/03c2cd446b5f44172d8f7dbec7429e4b70d980
.git/objects/59/5d83d72d8464e7432c10fa5ef9a1534ab0530c
.git/objects/59/74bfa3d4c35c016ec74a64c7ef86a5726237c7
.git/objects/59/991903175fda4f28e02468137f7f0db941dab2
.git/objects/5a/
.git/objects/5a/540bb20a6bc3a15ba611fb87c005c276a731da
.git/objects/5a/54bc15af2988398bcf31d24e0f8861b845862f
.git/objects/5a/6bcd7e866a81459d9aca41ac992df363a5dfc2
.git/objects/5a/78b85230c77165fa491066cfec11905df492fb
.git/objects/5b/
.git/objects/5b/b7a0f703655311478ae98fc9b0ad15e1b777b3
.git/objects/5c/
.git/objects/5c/4ca693fa9c81c9143cb1a92109b4ed73d5404a
.git/objects/5c/d11fdd9a1e52c96da61027abc9f48cb9ffe872
.git/objects/5c/ef119f3521b21fbf06247ced4105dd68065631
.git/objects/5d/
.git/objects/5d/1ba9ab854b54cc46445eed4d39dd5a06177468
.git/objects/5d/792b41b6e681883d010725bb3b5aba89558402
.git/objects/5d/9e21ea84828b737de5eca77af0a97944c3e2e5
.git/objects/5d/ee4831bc761916f70029f5f14835186cde6277
.git/objects/5e/
.git/objects/5e/0b64e37a4652bea007a4a1ebd3d8d576f7c11e
.git/objects/5e/5a90e969e9a394be042d92cdff11c17e9d3d3a
.git/objects/5e/5d448caf85dbf09975f5c507c221bf5453ae18
.git/objects/5e/5e4266df97574147bc810a94d9b6cb7422bff1
.git/objects/5e/75d7874a977386095f25b90333f85aac904a24
.git/objects/5e/a94faf776d44849d64bf6f98d65b6b95f92d94
.git/objects/5e/c74ecdfced42a6c255ca0360e337a7f3f7f90a
.git/objects/5e/fb740ba9c1b3cdc37cb4c0df73b7693f629b7f
.git/objects/5f/
.git/objects/5f/349b7569ef730365b6ab4cedfb1563486ed27b
.git/objects/5f/8269502c2054a9a82b76bee0f3db38c0c22708
.git/objects/5f/96376db1415b439d8e2ee329b500ecb925e3d4
.git/objects/5f/b633f8ae7bf0f0589a7e16edc95e73ec63f337
.git/objects/60/
.git/objects/60/cb74156d02928b108de2574110e9876785dd77
.git/objects/60/ddb74b293ec1954ef45b9d373e11f46e88557a
.git/objects/61/
.git/objects/61/9090f245d495427b9ba0aa4abd3fc2f05c7d69
.git/objects/62/
.git/objects/62/0b8b7d7751cf821d89060f036465009dccf2fc
.git/objects/62/72c08b4fc859518ace958655575e5cbc39e169
.git/objects/62/a2ada22d9aee83e5807efa2afbef1ff3817fbf
.git/objects/62/ae8fd211fe8b507182f2fea381b8db76b5e893
.git/objects/63/
.git/objects/63/3276eb1eb018eaaae47e781bf3db560b3ff42b
.git/objects/63/5f7ef33cc05c41f8c255fd1500830818b40f39
.git/objects/63/9b90da7172bebbc1a65e30ed0a1c611b5b26dc
.git/objects/64/
.git/objects/64/02fe9d4205e8318cae9a4c0c95f0e2fb31c340
.git/objects/64/2f2c7a64ee6ba9c691a1fc3d44a2981949b7c6
.git/objects/64/4973a883574dee41d3fa53c7d1f65e5eec95c3
.git/objects/64/62cf4d97e16408597fa0b31d1c904fe90d3508
.git/objects/64/9a492caf6c9227dabb1fa8389a4fb61290c65d
.git/objects/64/c869881b42fd1fe583887055b720cd5e7d7b18
.git/objects/64/d1c9f17068e32dc408561e8f09a59f6be75c3d
.git/objects/65/
.git/objects/65/3a84d30366e11b214c584a9b95f7798da84cfa
.git/objects/65/8aa436fc68e4d1dfbe071471b569562b5b5906
.git/objects/65/9fe5f597742aed562de13fa3bb5d3859f3eff8
.git/objects/65/b5798ed2437cf3a2e83e8b270dbd8f2a27e06a
.git/objects/65/ec9699563aee2dfc4de92cfa52231172a6a5d3
.git/objects/65/f32809114bd667dde4c56894e7fd6809a0e4b7
.git/objects/66/
.git/objects/66/0d2a8b90b2288c9acdbc6f34aa24d51af848a2
.git/objects/67/
.git/objects/67/01474f5ce73abd1804a40e493c19a4716854cd
.git/objects/67/3859b2b2a65127c0e29914ae8063163cde80a7
.git/objects/67/49da29480c7e7c55528f5df433340e923e8558
.git/objects/67/95106e5a087f6f97e40a7c63bc9885acb305dd
.git/objects/68/
.git/objects/68/972a4106616cbff39f414ba0217e043130093c
.git/objects/68/cd0def4a31ff10bfd15e9d0d05c7a528cd22d0
.git/objects/68/d8ae32a1af143c3eaedd195044fc55b7d34a6c
.git/objects/69/
.git/objects/69/27f2bd74b60884307a23f373711baec2e6b05f
.git/objects/69/2a34d7c7c4f38d91426d06cb6de96861951f74
.git/objects/69/780af737a937302bedf5cd04dda088b02b209b
.git/objects/69/8a7b3dd17c1a6038c7b1e9af6c4185ed54bf96
.git/objects/69/bcc9110dc317d0e6a4f4a0ad5918cb37acd97d
.git/objects/69/c00ef197da5997aafd271e8d837fff3748840f
.git/objects/6a/
.git/objects/6a/1ce07ab3d58f67bd88b8c0f941d7b225651e16
.git/objects/6a/4759ebd52b2d963b4870d41958d0437b32ee51
.git/objects/6a/d7285a9775ba6d0804261d37d8394e16d41efb
.git/objects/6a/fed56bc10ab6bed871ae4a5c21fb25e2507ca2
.git/objects/6b/
.git/objects/6b/17d5a9a981cf0ce5f2c5e34877e47d0bc0bb3b
.git/objects/6b/ac4b929bf01a2117d170fe6e5e27b664f9bcc7
.git/objects/6b/b467adcf9f06ba88d1a0b003122448cbb810d2
.git/objects/6b/f385926b8a965203c17c085c7666857a0548ec
.git/objects/6c/
.git/objects/6c/03ca496de23bfacd2fd3875b45d566e84207f8
.git/objects/6c/2fa63130bd09e373f0e68fb11a23f9085d9fb2
.git/objects/6c/3a2166b9b4f6660ad754a48decb232078c762b
.git/objects/6c/637fc981e2ba6e2054f38b7ab3e2283acfad7b
.git/objects/6d/
.git/objects/6d/7430d2903b2b5456854beec1834a0110e03be8
.git/objects/6d/80fcc7a3a71cf51b129912abd456ca28720c95
.git/objects/6d/912f9fc698f76ae486f50348ae7a26b760475d
.git/objects/6e/
.git/objects/6e/10cc24267e71ed46febce6fd5e70f39da877da
.git/objects/6e/8fb4e8ef735956c3c88bc7ded54cd011664d39
.git/objects/6e/cea83ee4d4e99ed21124a20e15555ffe3688fd
.git/objects/6f/
.git/objects/6f/45befe529b8497be92341b94eb9e84a1d2c372
.git/objects/6f/de6aab2f8249936c3b4398e0a8a293edaccb79
.git/objects/70/
.git/objects/70/9fd6d554c5b03d5bc94dd447cbc60a3b58a587
.git/objects/70/a55b35b212841c750e3d73d373bbe2e90d312e
.git/objects/70/dce42230aaccc33b62cfaab219bfc98fdcdbec
.git/objects/71/
.git/objects/71/8cd992de3615429c69897e81c88c2a6118a21d
.git/objects/71/9b12fd4ba0fbfa5f83a81fe86a21d1a67cf62b
.git/objects/71/c5b55af5291c9853c6d7216a0cc8d57fac88ed
.git/objects/71/c9c5a3875443043c8d1a153dca9aa19b2dca41
.git/objects/71/ccf69dd2d68a6d002b5735d13a95fd9b298f27
.git/objects/71/d05bc53482c156087c0a155f3d5ef329557426
.git/objects/72/
.git/objects/72/384a223c648e885ca46390c6a3d0813ac6ef3f
.git/objects/72/99704fdbc119917e9dbac423538a6f3446dff8
.git/objects/72/aeebb709fd2495ab9921874a767ecfe1329116
.git/objects/73/
.git/objects/73/30e287f73d61583692854b493580a162c22415
.git/objects/73/5c8ccc90b040f2d81bd924b7d6ca096ac28a09
.git/objects/73/7c2b7edb3694e52d85a8b7cd32ba8f1eb93330
.git/objects/73/acd94a2fb7de24e9dc6ca88cffa8a01bbd77af
.git/objects/73/ae7f97a7893e40a349ecec488b4f02dc918b57
.git/objects/74/
.git/objects/74/efece05cb674a36b9bb3287b8f97ca92cfd0de
.git/objects/75/
.git/objects/75/2254ce6a76c1f57148b4e2c6a94d2a65892d81
.git/objects/75/ae2b1c75e49451a4943ca556ebf3a52bab7339
.git/objects/75/be3e8ae21dd8b03a6798457e5fb46072de54bc
.git/objects/75/e0419e8884b2bc619f7ea72edcc64c4286e825
.git/objects/76/
.git/objects/76/17ce3062388971854a25e927130b1aca85bd36
.git/objects/76/4357d7dff5900c4b31bef2e4940b92c505d64f
.git/objects/76/57b4d27459ef2cd7c327ea049f31cf4dfcee3a
.git/objects/76/b7b7a25245895a56dd94f0be4c2ffa6310941f
.git/objects/76/e93d52ee7a7c15f3f9d99a04450b9124be9736
.git/objects/77/
.git/objects/77/13e18fdb139457e1bd044dab2e4873b8e90474
.git/objects/77/68536b893181e9e1f023c12ca0b311be2da0f6
.git/objects/77/a2819327ec7abd144641a3377699a169ccf646
.git/objects/77/a75ddccfe206e11cdedcb76a80609c7d02e791
.git/objects/77/a8d0a4dfa0440b5596414d977a9aeee04e5fd5
.git/objects/77/d9441f78f128d23ca1b937789f2ad6ece12857
.git/objects/78/
.git/objects/78/1c695885c56295410edbf045f3265b551f1a89
.git/objects/78/68f61ff1e2135f7d6999c7c83f2443997ab66f
.git/objects/78/c34a775e119027f7937b15ebfafe77a7302948
.git/objects/79/
.git/objects/79/050f6149207566bdf21992206729b5ad976699
.git/objects/79/0c9633c3bfba17e85079bb185409c25f13f030
.git/objects/79/2306ac60f6c600b8ded97899354557ce900f40
.git/objects/79/b0b77654916ff55d322668ca62c003f3fceca0
.git/objects/7a/
.git/objects/7a/1435a9c65bf3856f2dac0decc1e9275b45e826
.git/objects/7a/808d6989a7e1138b58ddaf5cad6e7f8b7d6a3a
.git/objects/7a/d12982aff63d5b808a15a87f00ece6cc12d344
.git/objects/7a/d845348ddcc6af352b855c8467303c0698251d
.git/objects/7a/dceccdc93e0da50fd39d35acfbcd0a3941d34c
.git/objects/7b/
.git/objects/7b/1cecd3e5ef3b40f721310c94841db595c6e9dd
.git/objects/7b/c5bd4fa3da29f902b6dca9f42de57a4870c9b5
.git/objects/7b/ef7716a3c7f3b7dc76044cc4dc292446cd60d6
.git/objects/7c/
.git/objects/7c/775356814f0f3aab4b72c711eecbd7a5d486d1
.git/objects/7c/b4b67053f384f68b24a31d35ad17cc316d5e57
.git/objects/7d/
.git/objects/7d/493088772f29b62fe8d040c7e591c334dc8a53
.git/objects/7d/5e4c4dfb7e0cbcdb1c7b6e29f5f5cf60af20a5
.git/objects/7d/7e26dc7876f60dc7a0e71a1c58ace4de375a20
.git/objects/7d/c1585657f7a2392234898a8c0a786ebbbaee86
.git/objects/7e/
.git/objects/7e/21fc16c3a752b5ff21d87ca179e688be4a7b21
.git/objects/7e/4e4e2fe9aaf9341f842ef07351e1ce46e81b7a
.git/objects/7e/9c607c104d0fe3a97fb3506597cd8979a618dd
.git/objects/7e/b1f405c057c67b2c1fd9ffa0f3dbed89a7c582
.git/objects/7f/
.git/objects/7f/803e3eeb530086fa34c34a2c14db2f98324618
.git/objects/80/
.git/objects/80/225cc6315b1445b0d287b1d0d018f4161892ab
.git/objects/80/31132b63cfc62d121d956575e0f259e9378e03
.git/objects/80/59323d9422386f982c37222af3643596de8c54
.git/objects/81/
.git/objects/81/a10a42b0242bfcf89f64181cb3d3b962121490
.git/objects/81/ffbdeda292fee949b6d6a858153297a82403b1
.git/objects/82/
.git/objects/82/46505006f459564bc22c67f818321abcc04918
.git/objects/82/ab24083de148ffdc7551df9df116339ef5308f
.git/objects/82/cc605492f3e393e2642dbe38b74aab6df29a5b
.git/objects/84/
.git/objects/84/01f5fb460cab825cd8032c81abd3e68a1cd597
.git/objects/84/53565e41ef731c7badad0371096bbad3fad732
.git/objects/84/830240e9ec854f03e3f0625f5e7d0a99ca3003
.git/objects/84/8cb212363a16ccf3b02a6b0ca7eaa0233795b2
.git/objects/84/bb71cd6eff8c0b0a6cbd00a202a313e6f3670d
.git/objects/84/c68fa310ce7b6a5e80bd9af0afb46a35b8f565
.git/objects/84/c7398c7de4c5d698167185f4c17203f538e666
.git/objects/84/c78bf13d56d316145d9b79acfdcb63f3b854fc
.git/objects/84/cd16603df9b5120b02b1df8040b3fbcf485f7c
.git/objects/85/
.git/objects/85/3afc000aafd3f47dc70e5f09529009a8b5ce46
.git/objects/86/
.git/objects/86/0e48e2044df56e3e4c8dccaac1d1a966565451
.git/objects/86/24051af24b59f97064b7954f57df8e61e2b791
.git/objects/87/
.git/objects/87/3d833589718b270b42b2e1d37b9805d378ff21
.git/objects/87/422c0c5eed22af8b58e0365e153d92dccf85dc
.git/objects/87/75ba39c5a66f3929f23125a17a88e83fc4e655
.git/objects/87/b057f761bfa12439b513dfacf16439ec0a3c1c
.git/objects/87/c50643205017a1e4d20bef1d8107d8932ae6fd
.git/objects/87/eb6472d71f7263c94c82721ddb589d6b31889f
.git/objects/88/
.git/objects/88/066171166e7c9f1587b53c09a64032493d9d69
.git/objects/88/077d99220aabb7e85cff07faca957f5ab69e06
.git/objects/88/5c4b4015961fa3608d7f9575404c1e1b4bd2b7
.git/objects/88/7a5a8f5e86e42e0bb56818446327484caa9243
.git/objects/88/7a937ac669bc8328f3c4f1d2f65b3a469792cf
.git/objects/89/
.git/objects/89/3390b14e2bc8e63286f0e1aae1bbc9ef697bbf
.git/objects/89/56620164619ae13229c24acc4e2ffb51c9a61c
.git/objects/89/e99dd9273aaba90bac0302619449d6acf2d8d3
.git/objects/8a/
.git/objects/8a/181f0a8856a5e48a887722757112a37d610558
.git/objects/8a/3926c6dbfa6cfa4115885f22b8fd219ca92662
.git/objects/8a/41ee2561a673aa722ca61211254166f9de6bf9
.git/objects/8a/9cc2a4902182c1df92d68002bc9b7e15f3300c
.git/objects/8a/9fc870c2968e096815ab1c66207412052b4a68
.git/objects/8a/cefcad640a96667364630fbf2f3bd1b6cfee0b
.git/objects/8a/e407a13abf90737371e61cd60c3f19fe38a9aa
.git/objects/8b/
.git/objects/8b/59ded7ba5062f2188dd4d4f023d5f8cc8a476c
.git/objects/8b/d89f3b02220fbf5fe52a789d888ae485708d76
.git/objects/8b/efc078bdc3306a21fbb8456f72f7eac737aa24
.git/objects/8c/
.git/objects/8c/13b219ec6429409ac460cc65ac27bbacd1edde
.git/objects/8c/1628b0a4d664de660035a2ffaaebb46d2f3a6b
.git/objects/8c/5a6249c8cbbcb6368d842102d11208f62938dd
.git/objects/8c/bff7c06d112343fbee222646aa0ad16473f5b9
.git/objects/8d/
.git/objects/8d/3fe7c2302b33cb75d9936015d7d0bc9d44efc5
.git/objects/8d/89b6610816e1e66dd3ab55915875eb8befec0c
.git/objects/8e/
.git/objects/8e/18daff4fafa90350951b1129aba7c7e8a9ff00
.git/objects/8e/698f3ba85fd70ecf284ed332f09df1f88a5308
.git/objects/8e/ad964fb8085a7640c018e26fce8053eba27018
.git/objects/8e/f3944efacab3c0c714f29ba309d43e0823839c
.git/objects/8f/
.git/objects/8f/5f2ca29b4a5568ff8dd90d72b261996a08c477
.git/objects/8f/c81776280bd271ab3a29c1e222f44dfe320611
.git/objects/90/
.git/objects/90/3f4e51761fcd2ebe006f10b3fac18b8d974490
.git/objects/90/52dd6b3567de8fcfd9532caad51f28300ed8bb
.git/objects/90/d975bca5ab57a68a2cb7b91ccecbe46a5d7b0d
.git/objects/91/
.git/objects/91/4d73b1393f09145b21ad49872122bd2d2b399e
.git/objects/91/7e2fa86ccb01bab7227e223555daa1f5a76ebc
.git/objects/91/90886b586eeaa984da0bf9987c5032e210dd69
.git/objects/91/c42e26e87ac6d787ae81e9d4a703d1fcd75624
.git/objects/91/c96d7c2f5a68590c92c399e7acc4b9a3d7a572
.git/objects/92/
.git/objects/92/fd10bc702fbc2f9351e4fd05f5569c254efcaf
.git/objects/93/
.git/objects/93/07d61ba3baa4605c435199f041a80ea90840b4
.git/objects/93/2cec071dfead9672f0bd6a5efe6a9a56c9af69
.git/objects/93/a7c62aa7aa067f55c5570b56ffaf2c8c39a419
.git/objects/93/f3178b4a8d44726a2fbda0339088e792d1c049
.git/objects/94/
.git/objects/94/7f5605d982110a228983ccaac54bb6ebc5468c
.git/objects/94/8e4345010ddeee08d0c0ca39cb79c8e9c8268b
.git/objects/94/ef881bff2fbb4829782a495c32458eeddd47e6
.git/objects/95/
.git/objects/95/6224c76a9d7c97f23a928c7462e8b87aaf19f4
.git/objects/96/
.git/objects/96/0e9fcffa62aaf730c3d091019f21926c6f9e58
.git/objects/96/35e59e0c1b57179b6e8db72645bb5154494940
.git/objects/96/39ec212704ea9f4708270aab917ad961e20247
.git/objects/96/922fcecdb6df43311eff149a9c9ac13bdabdca
.git/objects/97/
.git/objects/97/187c3d673adf7c47b48a2b10a6f84e0b4f5a10
.git/objects/97/69998371b02386fb653e8a786ec8cd2070c9bd
.git/objects/97/7e18aa46f2323e8250d51ccb787eb1509cbda1
.git/objects/98/
.git/objects/98/8de550453a91405d7021e6f5731c7297aca394
.git/objects/98/9eee52db8691de86ebad7b016bdfd88dee3f13
.git/objects/98/e2c7854e00b7267e42c9188e0190415abc6f96
.git/objects/99/
.git/objects/99/53cbda788be0fd84dce896ad326540ed96c873
.git/objects/99/c30d779d805354507c5cbba8f28415317a4a07
.git/objects/9a/
.git/objects/9a/8486cf20efd797a915e78efe047b0a71e1e113
.git/objects/9a/8c4023252976a2eac6f00f5684a23cfb7444ee
.git/objects/9a/a36dd38fb39293e397642efe851d812a6f33ca
.git/objects/9a/c762da6c0926781407c922b8c87d6714d8281c
.git/objects/9b/
.git/objects/9b/0b114adf7e3a7999f08563bdff681b6ca1c80a
.git/objects/9b/14ed9db5a49b1fecd4fcdc49178a44ecc35664
.git/objects/9b/5bb3828dbceb2bf4281cece1960ddf6025dd5f
.git/objects/9b/fb625139298e5f018041a1faee8b7dbc7a66d1
.git/objects/9c/
.git/objects/9c/331d822b5d0684cdf18386585c2f5008704a84
.git/objects/9c/c36d8fbbfd32ec35e2dec749c7d115092e89a4
.git/objects/9d/
.git/objects/9d/d69c99c3ba8d8e6e1226ac190c59e83897f89a
.git/objects/9e/
.git/objects/9e/6838ade9fef9db6c416bd6052101a4566c15c7
.git/objects/9e/73f347ea694dc8d6c4dff16b4ea8482f45ed42
.git/objects/9e/7e71daaaebfe80cb275af1a96cc7cf6ee3c50b
.git/objects/9e/fc0da736ae87fd55175fac9398805019220f73
.git/objects/9f/
.git/objects/9f/34eb2882471494727c888ff5baba9b1741c09d
.git/objects/9f/663510e65953cf6099c9bd2f639db1f4766787
.git/objects/9f/76704ac62a08e11e3f3f600eccf3c846213938
.git/objects/9f/9fcf64faa7bf5bbbf2643b4f7462afdc8c43c0
.git/objects/9f/cfedb6369ed181e323b77ccc2ac80fd1cf95d7
.git/objects/9f/eac28b72399c879f9d1d784f88c054cbb5751b
.git/objects/a0/
.git/objects/a0/72dc5ca06738820b4b06b01db734251f86924c
.git/objects/a0/7505f45933110055699da9a9b4d35dad37d0f1
.git/objects/a1/
.git/objects/a1/034bb01c062c48b7f2a81e2f90b03d3aef40d3
.git/objects/a1/2f681274a17bcb10e8c15115d2937f07cca65b
.git/objects/a1/bef168d7f3ec70992363b4690add6366fadd8a
.git/objects/a3/
.git/objects/a3/63f6814fc8d8e63cc1de406f9c8f6047d695b2
.git/objects/a3/d9e6bea530941a068794e0598fab1212aa375e
.git/objects/a4/
.git/objects/a4/1308d66cf7437778b71db5ec35cff1f4a1857e
.git/objects/a4/2bd7b220c257600eb5c4d061314b0d8cfe1fa0
.git/objects/a4/30d38e8c49529c4eb0edfe18afa26c4e4763ee
.git/objects/a4/4da0b2b3995f05e8fa1c821aab71c87a4bb8f1
.git/objects/a4/84d7e5ccdfeab48b484fc7eec7b28a558a5d6a
.git/objects/a4/8b5a2d8191e6431f2fef30bf8601b0bab425dc
.git/objects/a4/d827ced605bef7b95bcbbe16786d97d99c771b
.git/objects/a4/f8d9101f5196ff3ca7ce7df0fef2e7f0e1c79d
.git/objects/a5/
.git/objects/a5/0c2b4f19bd7e5aa5e25f573542544704d53aef
.git/objects/a5/53d54ec7a82d7d5027c94f0411a41c677e6d69
.git/objects/a5/6ec2d1555411a9deeab7bac5a3a241052fca72
.git/objects/a6/
.git/objects/a6/afe6c0c09c56ec978b84ee04ed0ddfeeb646f7
.git/objects/a6/d6829b263277e459ebecfd03c9eb6aceb6aa55
.git/objects/a6/f62286587f8bcacae15dfd0ef54496fe217e77
.git/objects/a7/
.git/objects/a7/171e30d3ca4ddd3561d62deefb90b1946c990d
.git/objects/a7/a0b67670c3429244e5a594a86be39d05af2f3d
.git/objects/a8/
.git/objects/a8/0d21e3e959194262a487faddbca9ebcd06f5a9
.git/objects/a8/49ec06eeefc06b9e0155f4705c8b8cffbd0090
.git/objects/a8/72cdd59ce59cd244380075a222a858b2040258
.git/objects/a8/98e5e8d555973cf89f8b7c6c750a5e2caa2680
.git/objects/a8/b5ba09ee634a495be81282161131ba80ad721d
.git/objects/a8/f50ade773b1fa67b6a8f0d1e4b0d280531f1de
.git/objects/a9/
.git/objects/a9/4ca20c8a0f0e332d3dd9a20b83eceec9578a3b
.git/objects/a9/d599a86c3f0ef34aee74db5be7c8977fd77e9b
.git/objects/a9/ea7cd7b2af1c779ac5b3f75b347e20a4164e59
.git/objects/aa/
.git/objects/aa/432d7ff48f3d3bb61933f1c6fbef2cad299b99
.git/objects/aa/472a5bd5ee5377b639251d78906d4917886c86
.git/objects/aa/75105794747644e3779d71070fe784cd1a8d26
.git/objects/aa/82809f01badf6d196b260795241101c4cf4c96
.git/objects/aa/ab5e7ffc71a893b82808ab31e0e656a3cf2954
.git/objects/ab/
.git/objects/ab/244edf29ede411864fd20d090ceb6016244dde
.git/objects/ac/
.git/objects/ac/e2d214a7c245290168a4c335ba0a69a503276d
.git/objects/ac/f57401bf66472c05cf433f31702799e7b5d175
.git/objects/ad/
.git/objects/ad/4b427ccb95f828da92df8f10cfb7d226091a6e
.git/objects/ae/
.git/objects/ae/22129c5c04f647113145e28478931fc0e4aae3
.git/objects/ae/50cf1b1c65369bd3c0c5a11488accd6f995cf5
.git/objects/ae/a9bd73d9dc1c99260774cd2cda6ecc3d7d4c53
.git/objects/ae/cbab83ecec2784e9b763d8c6fa3a0f8b464402
.git/objects/ae/def65c016b937ae73a5733d45adbec9f475a0a
.git/objects/af/
.git/objects/af/00700482749193cc6983fdcdce7e174490524e
.git/objects/af/4b225b8a5d79811c900ee2bf128550e90624e0
.git/objects/af/7d70afc1cebd034fc14677d13e6b8d415c7fc7
.git/objects/af/bd61a3233a6dc91fe88295dc3c627f2dbf4a46
.git/objects/af/d3209e86f648abaca0d0d983ab2005d1d98fed
.git/objects/b0/
.git/objects/b0/0097aa7d01ade0dbf15ee2675904675b3979de
.git/objects/b0/3bc2e07707bcb91fd011500c9f2ee664214bc7
.git/objects/b0/e7f5b2776f0cdd7c551d3fcdf065308058498d
.git/objects/b1/
.git/objects/b1/5d311982600ddc766a04b657afd7c2bdcf51a7
.git/objects/b1/af4cac1c209d081a7220d185531e92610e4f1a
.git/objects/b1/ea100a2db3236577c9ea318699e0a987528989
.git/objects/b2/
.git/objects/b2/32a3fca39f3f391193f010fcad26008eff8dd4
.git/objects/b2/92c74788e02bb473d9b6535d4d3c2df6fb333f
.git/objects/b3/
.git/objects/b3/27c221f1b1623691998808a8fd0d6629ec74d3
.git/objects/b3/697162dd200811c9f8b13880ff435ddf297bf3
.git/objects/b3/6edef36617a641e6ae065490cfd625a1273c26
.git/objects/b4/
.git/objects/b4/1980b1aaf04170470d076abd420625c2221be2
.git/objects/b4/2acb8fb67a7625ac869f88e2c401e12b12f2bc
.git/objects/b4/8df7098b255a1c7d56c18c4a4d446e77d6d386
.git/objects/b4/b13d4062fd306e6a720512200c4d47dbba633b
.git/objects/b4/ca25ae0cc6d294609432b14229a1cab91ce8ae
.git/objects/b4/e86b778c7d97f1df39ed66ada6421c818ba064
.git/objects/b5/
.git/objects/b5/36cd34108d13ec3a98a581ef121b65880a6723
.git/objects/b5/8e1e007cd640e13769beb2528e9fe74b280123
.git/objects/b5/8f6f9f54cfef6ae597c7020d003e54556675f8
.git/objects/b5/b44fbffad91a3e8c8223e979378059c2243e45
.git/objects/b5/c49568a81f26b4a62c52cdf362e6362199122b
.git/objects/b6/
.git/objects/b6/4bce2e63769b410073e7181f80eadf320870fd
.git/objects/b6/a4ed951d07b81bd4ff362b5c184a5dcd0e4b0b
.git/objects/b6/c8725bb46b6c35b9dd2641644896cb25c93674
.git/objects/b6/e7b0486176c36adc31aa3081fa56bc89cf4bec
.git/objects/b7/
.git/objects/b7/1917f6d2112183d9519097573d625c3a773cdf
.git/objects/b7/3649c00dd76aa0fbc1bda24a4fe56df15f0b8c
.git/objects/b7/680a859aa3b60ff0d12c5c9af70f797b81e2fd
.git/objects/b7/85c0f6790334f3be9a688cb990d3ba5f862987
.git/objects/b7/f03c17c666577973ac24b76cc9befaf29cb864
.git/objects/b7/f3304283377b402f8307888bdf9ff5e7a50c9f
.git/objects/b8/
.git/objects/b8/20ffc1a401229b03b8c19b9aa86a47e9de5bc6
.git/objects/b9/
.git/objects/b9/5e875ceef3149a03dbc09065b6f117ea4c407e
.git/objects/ba/
.git/objects/ba/69d4a7322821d9802a38085eea4fc3bcc6c83f
.git/objects/bb/
.git/objects/bb/019c61e7a07e3147f5575f6cb1811dd34c8039
.git/objects/bb/0237fd8498d8a9ad55f66e4e4bb50b5335ebf9
.git/objects/bb/33232ec9a48944116f271b894f54819eace4ae
.git/objects/bc/
.git/objects/bc/29f61ddcb765c18adb0777d3b23c18c4258a13
.git/objects/bc/5c480f8e68f6915df5bd2baa3bcc9d0dbde672
.git/objects/bc/e05f158c234455f4a0ab30aac396c6605bce5b
.git/objects/bc/e531b5eeddb028e40644cb0d5296ffa608c67a
.git/objects/bd/
.git/objects/bd/69da0a72aa7af53f207f1bae6b929bdcad4af4
.git/objects/bd/9b3864388278c53304934f80766209fce8067e
.git/objects/be/
.git/objects/be/38eb497452c39fead00b63fea203261c6dce8f
.git/objects/be/615caa98ceba5f3715687bff6455b7ec758c17
.git/objects/be/926372aed586d70b9a192b42b9a0a91d6b8a39
.git/objects/be/b490442232dcef35f1638b48d4fcc685304bd6
.git/objects/be/c30a14ec256aacdf64e02d8d3f5c6a02a98387
.git/objects/bf/
.git/objects/bf/288f8e1d542b251f4c034be7dd7fb4840fa030
.git/objects/bf/51dc7d558845c0e646ddb84ac356e7867d5e6b
.git/objects/bf/5e1fa9a0847ee80e061a57bef14f800bafae74
.git/objects/bf/6a547c5bc2d0b494d50870e126c7347fb147b9
.git/objects/bf/a858113fd42ba12de57bd4538266b9574be91d
.git/objects/bf/b3ab9f4e4ffffe0c9bd8bdc6443ee0ecef49a5
.git/objects/c0/
.git/objects/c0/023d06c23809accc3b61dc347fd06599aaa99d
.git/objects/c0/6f9398f08be5908750d0d8ed05d051218a1c8b
.git/objects/c0/a9a0efb6013dc624fbb7abb788474ff9e777b1
.git/objects/c0/b08d59d2b062c504f022579af6f9445b1b3c93
.git/objects/c1/
.git/objects/c1/c64d612e9913f01b11521fc33b6fa5819b55ee
.git/objects/c2/
.git/objects/c2/04b284c4dff2a812b9d96667e63841c4b974a2
.git/objects/c2/0e4c349940a20f7d244be72c09eb731225f0dc
.git/objects/c2/c2660d9219008cf6808b444095caaba84b95d9
.git/objects/c2/cd9badc851c9e739dc6cfc0a66a5f6eaea151d
.git/objects/c2/d4fb7eb95495ba346ffeeb91aa298b536e0436
.git/objects/c2/f507a655c20e90162cfc1a20920490f6b6b7b3
.git/objects/c3/
.git/objects/c3/2891356da9b1b25560f1c983a7f7073a84674d
.git/objects/c3/480caeac511e65013eb20e27dd6e2f75105015
.git/objects/c3/491fbbf7507d4e0f6e794f45dffebfebb1d4ab
.git/objects/c3/725f9d7804a87cecc4346ce98f3e73ea2bfd18
.git/objects/c3/99e31d44734df31eafaaa60a7895bc3e4d8413
.git/objects/c3/e19396b2be008b6f6ec3b1731427951761c10e
.git/objects/c4/
.git/objects/c4/2aa287bc44353eda45bce62845e81db439a857
.git/objects/c4/bc2ce6cff2c1c61adcb77233c2d25344e9a077
.git/objects/c4/d118304890ce223c443f1e331bfc7f1b47aad0
.git/objects/c5/
.git/objects/c5/1e9d682a82fa8c9dfb4cdf5c29e1916d220e28
.git/objects/c5/307fe7c956ae41e486c21c0beca57779c8fe77
.git/objects/c5/97b9b6517db3c44f3e2c145889e1d78284d67a
.git/objects/c5/9881bd49e0ce38e5564556b9448ce3947bb9e6
.git/objects/c5/a712b3b2fa0a896a47b7887ed0a362a482ac06
.git/objects/c5/d3262e92a8f4ab204424c57b67244b2da5b0b3
.git/objects/c5/dcfce48ee1360a8e41ee86cebb9d5ed9a71d4e
.git/objects/c5/f50fef9cc18fef69f5c28c6c7e9869de173671
.git/objects/c6/
.git/objects/c6/4de9dc6873faf5c4b50e62df5c6b133b00429a
.git/objects/c6/b6ed6855c929c22f67a28488dd3b8ddb4e9973
.git/objects/c7/
.git/objects/c7/3338587b406fa0cbc2c0ad287d4c2def2e0b79
.git/objects/c7/c6b7177a592e304d74a66237144c59461768b8
.git/objects/c7/d97128885f9a1228447e1d8b9fb14439e5dd7e
.git/objects/c8/
.git/objects/c8/763bfe73e7e60abebe3fdbc495903372e6346a
.git/objects/c8/a10317a18284947d6df2f04bb9a9252de7a00e
.git/objects/c8/fbab3a1ea333c2b45376d3430b1a08a8159611
.git/objects/c9/
.git/objects/c9/5d4f521ebedbbab09be525cb143c8297da8f37
.git/objects/c9/b6101a1b04a1eae87f24c93235a690d0b6eecd
.git/objects/c9/ba37d7b6938f79ef8ca57169afbae3c1001cf0
.git/objects/c9/e2d9af1e2cdc314fb8e8c0805ec136d9ce912a
.git/objects/ca/
.git/objects/ca/60f316973e112a4ffcfabefe22a68526ffc149
.git/objects/ca/72d4928a7b1907f8ab0fa17f2edd45200cbd0d
.git/objects/ca/c8336daebd2b190cb08323eb5d19e890115d0d
.git/objects/cb/
.git/objects/cb/3bea5bb060ae24d02c42f68a8687fdbdcce112
.git/objects/cb/e9f0cb940f8195938e5e59d935583293d9a804
.git/objects/cb/f257b8f3070e3d6050e6b6c40943e0b867dbd8
.git/objects/cb/f5ab489ffdbd2897afe77ec917c1737db25867
.git/objects/cc/
.git/objects/cc/1a4a67308312b9d47ae9842c86aace9c4b6aa0
.git/objects/cc/2971e5cf7df47a5251773d823f11327e291184
.git/objects/cc/309b3cf5de5639c03f1322f8d570950de75bce
.git/objects/cc/74552efb258279571a3c65ab0820a66a894fd5
.git/objects/cc/845e615f903e3ea69cf4470435b7530862b37c
.git/objects/cc/93e1db1353e1199489ec18ddb866d5784d5d1e
.git/objects/cc/eebc5cdb86d1bbb8d8aacd9365f18b9d588554
.git/objects/cd/
.git/objects/cd/3c01e3713f75e6b5cff7f9a7faa95a4133c313
.git/objects/cd/971f251ef81be825e3315e5a6d96083d5c7fe5
.git/objects/cd/adb2b3728b90ea430195e16a6e4fb2c97478ef
.git/objects/cd/e9d06d29daff9aef8aca51645a6aaa2c3cba5a
.git/objects/ce/
.git/objects/ce/89f70e025df50878b54951d48b6ca4e85dc545
.git/objects/ce/8fda03532fd0981455da1e47afb467f57534da
.git/objects/ce/ba4325ded8c67a34d9218f443b379fdf72d779
.git/objects/ce/decdc29154116bf4556f4cbce397732296a075
.git/objects/ce/ecc710336d1a965ceac4056a6e5327aa55365b
.git/objects/cf/
.git/objects/cf/4d1096878e8177b650f6f8f003c8160ec901ab
.git/objects/cf/54d715672dd2b5065fdd84eb596d2aefc73d4b
.git/objects/cf/59519367b6689e7fdc7d175e2494b2b3a8f30b
.git/objects/cf/9b232646797f872d77484ba7b6ecb4610ec6c0
.git/objects/d0/
.git/objects/d0/0b2298310f5bae41d776cba9e6a464e02f22c9
.git/objects/d0/4609bd694ffb3cea548519a877150f8030b440
.git/objects/d0/81ba6ff8f2c133fd838db00ce9eced2283b3dd
.git/objects/d0/eb2fd17b43fe33daa0e2af63ccaba2cb2cab13
.git/objects/d0/f7e776b8e4de02f1126a82eedec61e1aa5fa69
.git/objects/d1/
.git/objects/d1/acebf05aa7028df4f0f515e483a9f68e813819
.git/objects/d1/aef02b540c7ed927915239457d9c621bd9f275
.git/objects/d1/ce46c4a5393862d94568d5148a08eec261da4b
.git/objects/d2/
.git/objects/d2/bd0bd06edf7ee0f29c216ca1553b43ee823b34
.git/objects/d2/c67fe5c47a9b7364093bd9ff64eb2daaa24860
.git/objects/d3/
.git/objects/d3/24cde9c85fc4c8f570e9610cb33c74d2670313
.git/objects/d3/85b7339dc1bcd67b4980ff5ba041b0d863c5c3
.git/objects/d3/a819d48168e2bf8f58db72e25c234062651712
.git/objects/d3/cc2260993b832543c88f76c6ce0f435346ff78
.git/objects/d4/
.git/objects/d4/313dc1452afa5701f4992a59d18cd9f0a80aac
.git/objects/d4/372c76a365aa8be486a24bceb542b39c2a6d8a
.git/objects/d4/d203a77215d7b8dc6b1870e682d15b99bc5a5c
.git/objects/d5/
.git/objects/d5/28af72d558db476be106f10e98966d68750e7d
.git/objects/d5/42ac157ab74c350c8c93e78bfe6488358d6aa7
.git/objects/d5/5ff691664c2158cd6b5bf44f2fdd16539fedce
.git/objects/d5/a7ca0c4c87f5eb9e42e4966bd5b4ef5b1f96a3
.git/objects/d5/e2f0a90203c3b84414d11a3379491f28468166
.git/objects/d6/
.git/objects/d6/9bd71f2dc5c893ba1b8f758c8c719a0b7cefe8
.git/objects/d6/a90b17bda8db5a15b69b6191f8edc0965f69e3
.git/objects/d6/bebd081d5a66d08110195435c033f68290476b
.git/objects/d7/
.git/objects/d7/1c38677bf9f26ca3c514be22e471e2d16e3c60
.git/objects/d7/34ec15ba0e64a948c775ba55ebf010f3676117
.git/objects/d7/37af300f90b24ed981f60b985bda8532e6d7bc
.git/objects/d7/9f4b7c282685f8ca4b7a2feb0235f6bb9058b7
.git/objects/d7/ccc0a1deda432d79f5763293d3970bb7dc6c51
.git/objects/d7/da70374005a8f5593cf98c67f9f424b2f6b2cc
.git/objects/d8/
.git/objects/d8/5d83d0c6e408b1d1a8397760e7834d0e6aaf37
.git/objects/d8/6775c33b372baee73067edaef6d54c98f4083a
.git/objects/d9/
.git/objects/d9/0e83b74b010d0af1332176f7c3df6a331302a5
.git/objects/d9/27b43cb7220dc52e276dc1bcdbbe487bd535a3
.git/objects/d9/2f528e56662c9dfefb5f47d6cd3ad875ef26bc
.git/objects/d9/72775420affaef4e70a66946bd4186acedc5ab
.git/objects/d9/770ddc2c3ccf99d8221d40f1265fa6719116cb
.git/objects/d9/7be461f608b32df8756f75233fd6c6f7648be2
.git/objects/d9/8458ab3bb828a7274cbc08ca250e0990e7da86
.git/objects/d9/98de1671dada1f1e97ebf83089eeaed79d992d
.git/objects/da/
.git/objects/da/0ec3265fe1c64648c61382fe2098a051fadd4a
.git/objects/da/326a40c84ad72dea70442c9afc1d7212ad82b0
.git/objects/da/4a9cb2b5201228dde80a9c0bfd53b0cb801ed7
.git/objects/da/7a87cffb9269a7e48b5ee559fd3630005934d1
.git/objects/da/b3e812f2ae53f93cdd81cee993ef43ac253fa0
.git/objects/da/c9c9e0941f39170af5c06f7ec46f3ad6e786da
.git/objects/da/e17ad0f648db825d09dcdf02155f12f0ff84f1
.git/objects/da/f474f77430420d780d4a8eed02e49a465ae84c
.git/objects/db/
.git/objects/db/bf714cf33d3a9039cc2ed57a607ab6b86371e5
.git/objects/dc/
.git/objects/dc/c52a9dcfb4305aedbdff8e8a40bf39710b855b
.git/objects/dc/d9aa7aaf8d50ad50fb163f4136edb5c84db745
.git/objects/dd/
.git/objects/dd/137b43ebc536905fe864ef92649769b4599ba3
.git/objects/dd/1e56513430a6bcafb369da4ece24b2c8f6db01
.git/objects/dd/4b9415bece34df0d4ff462d45f628f2bb56c8e
.git/objects/dd/8157f93b75d68c2adde412d230e3fed5031f7e
.git/objects/dd/835732277cc342625ccf63dfb7950d1fd9fb99
.git/objects/dd/ad0f4532ab20a17e4807849101c3c54a5d7e0b
.git/objects/dd/e8d84cc2cec1ff458f3de7e5c2084c179df8d0
.git/objects/dd/f5d41ef160d7ba4e2abd692b8416c817b6e0a6
.git/objects/dd/fba78d71e5c16cb3496cc26e7dd92dd9b21d21
.git/objects/de/
.git/objects/de/5aa55d4548d0af53c1b835688994f0b42a7c64
.git/objects/de/a6c3acfffe13831b44e26932b347667ca9b776
.git/objects/df/
.git/objects/df/09f701d0a7f4d71f567357dcef5a0cb7232a25
.git/objects/df/a144d8988d7c8b4f83b5bac06fc721360d5e01
.git/objects/df/ebe0ae6e4eed09dbb9deafe17467eff1c8d15d
.git/objects/e0/
.git/objects/e0/10b20038bfa5cdc53608679907521ba2f90215
.git/objects/e0/9817d3b165e508096687f26d29d30e43e5375a
.git/objects/e1/
.git/objects/e1/301f84a9311bc82408f78aa42bf9a94f2529f3
.git/objects/e1/a9843223621bcdc460eec07da44d968c3bd3c8
.git/objects/e1/bc3659130c7a6ba18909d354177e19deef34ae
.git/objects/e2/
.git/objects/e2/0387817e34417849630c341e001d8d4fcb9aa5
.git/objects/e2/0ab225869f4e7e75be732ec88b42cca92c4e22
.git/objects/e2/0f90257646a6bc4f8394bfa96af36c1113c13a
.git/objects/e2/5fd7d36a5609cb0589ac763ffdd4198fafb59e
.git/objects/e2/72345ed4bc819152988dd445551cff08a5ed42
.git/objects/e2/c751ee7829041497e010d06c6d309ecce0142e
.git/objects/e3/
.git/objects/e3/5b44ae1369f0a75d2e4c289adc76443136a7f4
.git/objects/e3/926c69480893e1fc134440e85d543bda6bc553
.git/objects/e3/cf2dd7ace67c4f565285c813bbdfeba391f717
.git/objects/e3/dbe90c6a14c22d6fb1998ad1ed4f82bec725c1
.git/objects/e3/eb8edb95b554ebe3b635d719086157d3f5a37e
.git/objects/e4/
.git/objects/e4/047e982f69b901d65f7c5a1f2fca7ec3978061
.git/objects/e4/47e6302514e25567b2ca9f1418c289710c9478
.git/objects/e4/dbce80d684ee21ad9ff1057723c9b12e8af5f0
.git/objects/e4/e063f08f9716e2a17fa49c31f0fa8251fab563
.git/objects/e5/
.git/objects/e5/1ab0ce48fc0a3f31ad22418c153dd6f44e9fa8
.git/objects/e5/309a7bc883723bda079287ad881081dc3aace5
.git/objects/e6/
.git/objects/e6/acfcf8bfa9fe00dec90f41c7679cd413ca6526
.git/objects/e7/
.git/objects/e7/08135cbbb7af60db12444fa65c438ef9eae783
.git/objects/e7/2fc5ad68d5048fd2015af400a5872ec21d9084
.git/objects/e7/a9214895300d5a57ad5d69b3d311042e771a89
.git/objects/e8/
.git/objects/e8/17ab5ddb3360e87c606b4418640c3cebcae725
.git/objects/e8/3b7a268f103c2a6b2ceec2eb59aa82491b211d
.git/objects/e8/444b4c305d65873af42a66eeb8c6c7f745abdc
.git/objects/e8/51d64ef9a135c1eac063a17cfbae849087faae
.git/objects/e8/5d39fc89b25c97f253cd5707f32cd54e071a2c
.git/objects/e8/5d8b2611db0363f7c2523b86d5aeb4644f7fb2
.git/objects/e8/9862b234cd687de7b9b4a719ba262be19be2f7
.git/objects/e8/d433e34804c85641f068ac9ec603ea8f6b31d9
.git/objects/e9/
.git/objects/e9/67d19250bbb1033ec48115c3ad6ba3f62bcfda
.git/objects/e9/a7bbf9dd697fb05c8dbdc03d7114a703a17b2f
.git/objects/e9/b0c57c16baf38adedd63b62ea60378712de3ed
.git/objects/ea/
.git/objects/ea/0beb20382cd5ec3c70f0f5056b54bcae3ae89f
.git/objects/ea/777e813456c8e6d6fd74d60cc741f874fee9a5
.git/objects/eb/
.git/objects/eb/5c96ceeaf0e50c4268a765f67e345d4474a668
.git/objects/eb/6cac02460a7bc899ab4ac8397dd4d546004633
.git/objects/ec/
.git/objects/ec/4cc9020320ae7ef9d06e80e5d49fe38203e901
.git/objects/ec/508478944bbea9ffa01b6e341f3c07ed715f62
.git/objects/ec/9aaf6ea520d63db346a472c5a283eabe416a8e
.git/objects/ed/
.git/objects/ed/0372303454c25077b6d33ce14dc66b5c1e8a37
.git/objects/ed/4263d269a3103417a4a18b8f9b902b87df6eaa
.git/objects/ed/46fca133cdc776b08f5e04f31566309672005e
.git/objects/ed/cc8c2bc6831c00b48edabb30e49900acee1848
.git/objects/ee/
.git/objects/ee/e9f2477243e9be0696502dda61937157ab6bac
.git/objects/ef/
.git/objects/ef/16efd07ffa313101369fef4adaa0c7dae0a86e
.git/objects/ef/8f236e6face6e9aaca77bd0238433a8441f253
.git/objects/ef/aebe1d8a6568aa87ee5420340cdb5fd4ec1163
.git/objects/ef/d989fab4cd70b6f2d714085e0fe8f84d61ed5a
.git/objects/ef/df6fad7aa6a0200b519ad5e447e55ffc535c62
.git/objects/ef/e2286b358dbcacb601036a5438c30467be2472
.git/objects/ef/e6d30162c4c0d81c8e6f6e1642c9c1277ebdcd
.git/objects/f0/
.git/objects/f0/07779dee88f95225f533d3c7beacec52f21a4f
.git/objects/f0/0e2f29b00a38ac6c916e80fcc3fc1815821e45
.git/objects/f0/0e623cc7f2577d2a0041a702b71938dbdbe8e7
.git/objects/f0/2ba619ba69f5d61b7b844db8738069ded7f3f1
.git/objects/f0/76a240d3b3e5db1916619a255d36e85590505f
.git/objects/f0/a3ac81213e220c2b146cf8cf05d1bb440a2633
.git/objects/f0/bb24aba0bea293c4fb52640140a07bb735c891
.git/objects/f1/
.git/objects/f1/1d7f613a393eca8401491fc581c58fbb79bfcb
.git/objects/f1/6b62f36682a332e0933c956f27f467e5e8c27e
.git/objects/f1/afec99cde23ac935a4afe3cf3384114bfe3b57
.git/objects/f1/d5695450ebe4c7d9077bd8dce83d5f4e03ac8f
.git/objects/f1/fa9d30f370ffb39fddd98aa358a29db64fca9b
.git/objects/f2/
.git/objects/f2/173affd7bc89170d7c7c400251388754b5bcc3
.git/objects/f2/2428a894b7f941f9abc9c426e76f515f363006
.git/objects/f2/61d1f64ebae0025ac3aa67b35ef7cbb3a89588
.git/objects/f2/ad6fb3ac565f69c72c5b366370b4f76677f4ae
.git/objects/f3/
.git/objects/f3/2e1bf177699db3a21a9fc3e6ed8793f1be63f6
.git/objects/f3/a505abeec50d19528dacdcb83f5f23c66edaa0
.git/objects/f3/bfde9d6c84bfd07b26097f303beba509b64e7e
.git/objects/f3/e7f19dd9afab87e30e231f5fee888bcd1b935d
.git/objects/f4/
.git/objects/f4/677b8003c3236f2135c501a41b3c21df1c84a9
.git/objects/f4/7174e7e41acf7466447dcc251397b6b564f48d
.git/objects/f4/a958d27119a41e93c28312a33dc98370e01541
.git/objects/f5/
.git/objects/f5/2a31ed6f3db94878b43e94ccf33272320c5720
.git/objects/f5/2d85db85343164d2230a571fe6b8f4ca9c7e0c
.git/objects/f5/3abeea4088675609d6c61f87389a6b8f7b6979
.git/objects/f5/43b42dcfbc3dfe1fe83c6c2e09983fe991e3dc
.git/objects/f5/5891ea151c8ebb8ba6c8153931f67a7e5fd4b6
.git/objects/f5/70091bbc07d32b3e4872cfab97957213866a8a
.git/objects/f6/
.git/objects/f6/64b9938197f93fa034d8fb73e654f6b716d466
.git/objects/f6/8b1ed1a36821a78b3ade635cb1a0f0b5af4fc9
.git/objects/f6/b9ef8badf231c4f391823937374f731c49980b
.git/objects/f6/def5400556397f021190ae6e122c6e37f5da51
.git/objects/f7/
.git/objects/f7/380656d90d9dd428305cb01a2977e7ac6be3ee
.git/objects/f7/d652215ad99035c0a0fb72ea852a33f1130008
.git/objects/f8/
.git/objects/f8/5698b8f530e56cd32170aee348ab63ef06a9d2
.git/objects/f8/be6f8276dcf28a61c3fb56fbc5a3b9efbe1f88
.git/objects/f9/
.git/objects/f9/2c3534ac98183c9df737f71b57e90629537b73
.git/objects/f9/6a2d55ce88950f4f05f47eb5dec33992bcc8b5
.git/objects/f9/c4df975dcf67ae30c0b5bd06153941d2ef5824
.git/objects/fa/
.git/objects/fa/26d4c34272e88c3597a07d1152f215994e8af3
.git/objects/fa/69999b6b889971e5565f638db53f39779ef4da
.git/objects/fa/b2b4fe7556109c04a801529defdbc781d8de7b
.git/objects/fb/
.git/objects/fb/0bb97d42f2b83559b0cf03aec9879412f6b8d0
.git/objects/fb/3019fa504f3bb41da8da6829288070d8025bd9
.git/objects/fb/8cd92360b929bbed0737290d1bb1b05a9da8f4
.git/objects/fc/
.git/objects/fc/6bd254d87177d4604f1c378089e4b79bea581e
.git/objects/fc/81493cbf6f0ede438573f7a3a5c081b0aaa839
.git/objects/fd/
.git/objects/fd/3fe7702ace8f5a38c5a107dff3d53ae8afdff7
.git/objects/fd/7a15c53a4dfc1b7abb7992c24eb6b2d1e9eabb
.git/objects/fd/f8d6921a9d19df1ea4a981d0068f3b60bbfaec
.git/objects/fe/
.git/objects/fe/0512879ac3db7855775cf865e5e86468492c0f
.git/objects/fe/2c580ec2efe0df70d57c7bc0c4f77b884d6a4f
.git/objects/fe/317519e0c63503f18e8cc61fef2b591e656f84
.git/objects/fe/431c3e9c1c9900bb5349bf5dfd217944b4e414
.git/objects/fe/4a96bb4fcf0d10f7b8f24fe539e98e76429193
.git/objects/fe/ccc7cdfad4e724f4df10f5b929645a892d4ea6
.git/objects/ff/
.git/objects/ff/21b8b9d30fa8dd9c42e2f2ae9f181172953fbd
.git/objects/ff/42c3e6c59d814adbaac5b5b7fa26f35ac74e9a
.git/objects/ff/62a41d1f91f4d64bd3194d8fb02f3a24704d64
.git/objects/ff/8db515c2d58691b7b731c858f4a40ba3e99bf1
.git/objects/ff/bf7389f71934356bb60e72ff827888407a13a5
.git/objects/ff/c52f182001d5cbd2b9948ad95ac49934bab3c8
.git/objects/info/
.git/objects/pack/
.git/refs/
.git/refs/heads/
.git/refs/heads/main
.git/refs/remotes/
.git/refs/remotes/origin/
.git/refs/remotes/origin/main
.git/refs/tags/
.obsidian/
.obsidian/app.json
.obsidian/appearance.json
.obsidian/core-plugins.json
.obsidian/workspace.json
.openclaw/
.openclaw/workspace-state.json
Agent_Prompts/
Agent_Prompts/compliance_framework_v1.md
Agent_Prompts/daily_checklist_v1.md
Agent_Prompts/gatekeeper_paper_test_v1.md
Agent_Prompts/gatekeeper_v1.md
Agent_Prompts/ninja_startup_sop_v1.md
Agent_Prompts/ops_watchlist_v1.md
Agent_Prompts/prop_firm_compliance_protocol_v2.md
Agent_Prompts/prop_firm_compliance_protocol_v2_1.md
Agent_Prompts/prop_firm_purchase_sop_v1.md
Agent_Prompts/prop_firm_rules_agent_v1.md
Agent_Prompts/prop_firm_rules_agent_v2.md
Agent_Prompts/prop_firm_rules_agent_v2_1.md
Agent_Prompts/setup_alert_agent_v1_skeleton.md
Business_OS/
Business_OS/.DS_Store
Business_OS/Cloud_Drive_Structure.md
Business_OS/00_Dashboard/
Business_OS/00_Dashboard/Cloud_Index.md
Business_OS/00_Dashboard/MASTER_OPERATING_MANUAL.md
Business_OS/00_Dashboard/README.md
Business_OS/00_Dashboard/Security_API_and_Data_Privacy.md
Business_OS/00_Dashboard/Security_Architecture.md
Business_OS/01_APM_LLC/
Business_OS/01_APM_LLC/ARCHIVED_Old_Anaheim_LLC.md
Business_OS/01_APM_LLC/Company_Profile.md
Business_OS/02_Meritpoint_Logic_LLC/
Business_OS/02_Meritpoint_Logic_LLC/Company_Profile.md
Business_OS/03_Shared_Structure/
Business_OS/03_Shared_Structure/Group_Structure.md
Business_OS/04_SOPs/
Business_OS/04_SOPs/SOP_Index.md
Business_OS/05_Banking/
Business_OS/05_Banking/APM_LLC_Banking.md
Business_OS/05_Banking/Banking_Overview.md
Business_OS/06_Compliance_Calendar/
Business_OS/06_Compliance_Calendar/Annual_Compliance.md
Business_OS/07_Finance_Admin/
Business_OS/07_Finance_Admin/Finance_Rules.md
Business_OS/08_Templates/
Business_OS/09_Decisions/
Business_OS/09_Decisions/Decision_Log.md
NotebookLM_Sources/
NotebookLM_Sources/Account_Sourced_Compliance_Pack_v2.md
NotebookLM_Sources/Apex_ActiveEvals_raw.txt
NotebookLM_Sources/Apex_EOD_Eval_Trading_Rules_official.txt
NotebookLM_Sources/Apex_Prohibited_Activities_raw.txt
NotebookLM_Sources/Apex_Trading_Rules_raw.txt
NotebookLM_Sources/Apex_User_Agreement_raw.txt
NotebookLM_Sources/MFF_Eval_Rules_raw.txt
NotebookLM_Sources/MFF_Terms_raw.txt
NotebookLM_Sources/compliance_output_schema_v1.md
NotebookLM_Sources/compliance_pack_definition_v1.md
NotebookLM_Sources/compliance_source_inventory_v1.md
NotebookLM_Sources/notebooklm_compliance_test_v1_results.md
NotebookLM_Sources/notebooklm_mff_test_v1_results.md
NotebookLM_Sources/query_templates_v1.md
Security/
Security/OpenClaw_Security_Review_Video.md
Trading/
Trading/Dragon_Team_System_v1_Gemini.md
Trading/Dual_Engine_Trading_System_v2_Gemini.md
Trading/Eval_Account_Risk_Form_v1.md
Trading/Trading_Strategy_Framework_v1.md
Trading/execution_run_log_v1.md
memory/
memory/2026-03-31.md
memory/2026-04-04.md
memory/2026-04-05.md
memory/2026-04-08.md
memory/2026-04-09.md
scripts/
scripts/NinjaTrader_File_Signal_Strategy.cs
scripts/NinjaTrader_HTTP_Receiver.cs
scripts/apex_dashboard.png
scripts/apex_home.png
scripts/apex_member.png
scripts/backup.log
scripts/backup_to_icloud.sh
scripts/dragon_file_signal_sender.py
scripts/dragon_signal_sender.py
scripts/mff_clean.png
scripts/mff_dashboard.png
scripts/mff_login.png
scripts/mff_login2.png
scripts/nb_addsrc_open.png
scripts/nb_apex_added.png
scripts/nb_before_update.png
scripts/nb_check.png
scripts/nb_check2.png
scripts/nb_copiedtext.png
scripts/nb_dialog.png
scripts/nb_done.png
scripts/nb_filled.png
scripts/nb_filled2.png
scripts/nb_final.png
scripts/nb_inside.png
scripts/nb_js_filled.png
scripts/nb_mff_added.png
scripts/nb_mff_q1.png
scripts/nb_mff_q10.png
scripts/nb_mff_q2.png
scripts/nb_mff_q3.png
scripts/nb_mff_q4.png
scripts/nb_mff_q5.png
scripts/nb_mff_q6.png
scripts/nb_mff_q7.png
scripts/nb_mff_q8.png
scripts/nb_mff_q9.png
scripts/nb_pasted.png
scripts/nb_q1.png
scripts/nb_q10.png
scripts/nb_q1_v2.png
scripts/nb_q2.png
scripts/nb_q3.png
scripts/nb_q4.png
scripts/nb_q5.png
scripts/nb_q6.png
scripts/nb_q7.png
scripts/nb_q8.png
scripts/nb_q9.png
scripts/notebooklm_add_source.py
scripts/notebooklm_state.png
scripts/playwright_apex_scraper.py
scripts/system_monitor.py
scripts/tradovate_connection.py
scripts/voice_interface_v1.py
scripts/voice_server_v10.py
scripts/wake_win.py
scripts/windows_signal_server.py
scripts/windows_signal_server_v2.py
workspace/
workspace/openclaw-agent-architecture.html
å¾\#205å¤\#204ç\#220\#206/
å¾\#205å¤\#204ç\#220\#206/Agent_Plan_A_v1.md
å¾\#205å¤\#204ç\#220\#206/Agent_Plan_B_v1.md
å¾\#205å¤\#204ç\#220\#206/Agent_Plan_Comparison_v1.md
å¾\#205å¤\#204ç\#220\#206/Agent_Plan_Deep_Analysis_v1.md
å¾\#205å¤\#204ç\#220\#206/Hedging_Rules_Research_v1.md
å¾\#205å¤\#204ç\#220\#206/NotebookLM = Proposal Skill.md
å¾\#205å¤\#204ç\#220\#206/PropFirm_LLC_Migration_Plan_v1.md
å¾\#205å¤\#204ç\#220\#206/README.md
å¾\#205å¤\#204ç\#220\#206/System_Trading_Protocol_v1.2_pending.md
å¾\#205å¤\#204ç\#220\#206/è´¦æ\#210·é£\#216æ\#216§è¡¨å\#215\#225ä½\#223ç³».md
å¾\#205å¤\#204ç\#220\#206/è´¦æ\#210·é£\#216æ\#216§è¡¨å\#215\#225ä½\#223ç³»_å\#216\#237ç\#211\#210.md
æ\#210\#221ç\#232\#204æ\#226\#207ä»¶/
æ\#210\#221ç\#232\#204æ\#226\#207ä»¶/README.md

sent 17048106 bytes  received 26598 bytes  29232501 bytes/sec
total size is 16839835  speedup is 0.99
[2026-04-12] Vault: Full workspace snapshot âœ…
[2026-04-12 02:01] Backup complete.
[2026-04-12 03:00] Starting backup...
[2026-04-12] Vault: MEMORY.md âœ…
[2026-04-12] Vault: Multi_Agent_Trading_System_v3.0.md âœ…
[2026-04-12] Vault: Dragon_ToDo_v1.md âœ…
[2026-04-12] Vault: Agent_Prompts/compliance_framework_v1.md âœ…
[2026-04-12] Vault: Agent_Prompts/gatekeeper_v1.md âœ…
[2026-04-12] Vault: Agent_Prompts/daily_checklist_v1.md âœ…
[2026-04-12] Vault: Agent_Prompts/ninja_startup_sop_v1.md âœ…
Transfer starting: 1429 files
.git/
.git/COMMIT_EDITMSG
.git/index
.git/logs/HEAD
.git/logs/refs/heads/main
.git/logs/refs/remotes/origin/main
.git/objects/
.git/objects/5b/
.git/objects/5b/c1084e70ba00e77fa621793c412f3bf7cb9ef8
.git/objects/6c/
.git/objects/6c/bd57b23baac79fcfc60f9bdeb2af795bd7d935
.git/objects/75/
.git/objects/75/cc889b2fe7d6632a6a98c7dee33a4158039de0
.git/objects/79/
.git/objects/79/a3e86bd09d5f0883693849f48bfe316ecaf068
.git/objects/85/
.git/objects/85/cf8bdbb8ca3e3eccb3d77eaa81a3dd9efb63a8
.git/objects/8a/
.git/objects/8a/483ebc28056f98401b7efb90919cd05ea5cf28
.git/objects/94/
.git/objects/94/c9d78ad14641acff297b2fbeff17ec92ffc7c0
.git/objects/c0/
.git/objects/c0/94ba52f8d855103679c51b028a44cc7b0b0425
.git/objects/ec/
.git/objects/ec/16e3c681db1e7804f5fdd356630105c7ab3cf1
.git/refs/heads/
.git/refs/heads/main
.git/refs/remotes/origin/
.git/refs/remotes/origin/main
.obsidian/workspace.json
memory/
memory/2026-04-12.md
scripts/backup.log

sent 315039 bytes  received 522 bytes  2463395 bytes/sec
total size is 16942470  speedup is 53.69
[2026-04-12] Vault: Full workspace snapshot âœ…
[2026-04-12] Today's memory âœ…
[2026-04-12 03:00] Backup complete.
[2026-04-13 03:00] Starting backup...
[2026-04-13] Vault: MEMORY.md âœ…
[2026-04-13] Vault: Multi_Agent_Trading_System_v3.0.md âœ…
[2026-04-13] Vault: Dragon_ToDo_v1.md âœ…
[2026-04-13] Vault: Agent_Prompts/compliance_framework_v1.md âœ…
[2026-04-13] Vault: Agent_Prompts/gatekeeper_v1.md âœ…
[2026-04-13] Vault: Agent_Prompts/daily_checklist_v1.md âœ…
[2026-04-13] Vault: Agent_Prompts/ninja_startup_sop_v1.md âœ…
Transfer starting: 1447 files
Dragon_Team_Protocol_V6.md
MEMORY.md
.git/
.git/COMMIT_EDITMSG
.git/index
.git/logs/HEAD
.git/logs/refs/heads/main
.git/logs/refs/remotes/origin/main
.git/objects/
.git/objects/00/
.git/objects/00/6b4a50cc5c04e89906637cfeb9b9f807764587
.git/objects/37/
.git/objects/37/40a59e7f3ad55f2c59850912b50a9df987d845
.git/objects/37/ea3b1197163274f3b969e1e0b4b681f948088d
.git/objects/39/
.git/objects/39/157187b83fed822e8b9dd70e713bffc6378f95
.git/objects/56/
.git/objects/56/86dcd52a3b2308e44162ebf4cca0b9f94e71a7
.git/objects/5a/
.git/objects/5a/06e9dfb11fd94d05bb2ea1babd51b144ea5a60
.git/objects/75/
.git/objects/75/29cfd3ccbf307aafacdc98867c63aaa1bb81f5
.git/objects/79/
.git/objects/79/4c50c2a0fef569677a01f931ceb808ce4ef30a
.git/objects/7e/
.git/objects/7e/04a9495cdf50fe9f55386e94f6f2d966fd5106
.git/objects/88/
.git/objects/88/f8cbed33a815c23406696bce7a3bea055b5b00
.git/objects/a9/
.git/objects/a9/3a16581dafd07be3596c29cd1d01241179eccb
.git/objects/af/
.git/objects/af/0249d225b81fcd5a3516086f5ce0299e82cf55
.git/objects/b2/
.git/objects/b2/86bf4a7181040041dc3e0970a600f2e203d26f
.git/objects/b6/
.git/objects/b6/0155930d701cf6acc8c2789db8982c01421613
.git/objects/cc/
.git/objects/cc/99443c8fdfce18e0a4d170563432bf5ad67f92
.git/objects/d0/
.git/objects/d0/fe64b47bd4caae69ad8fc31d58b1512ea6d454
.git/objects/e9/
.git/objects/e9/2e3fbf52d50d70b88c367f6bda05c7b43e2e2f
.git/objects/fa/
.git/objects/fa/ceb6b10f198a897c94a3b676198ec1caa9c5c8
.git/refs/heads/
.git/refs/heads/main
.git/refs/remotes/origin/
.git/refs/remotes/origin/main
memory/2026-04-12.md
scripts/backup.log

sent 344084 bytes  received 784 bytes  2127501 bytes/sec
total size is 17005314  speedup is 49.31
[2026-04-13] Vault: Full workspace snapshot âœ…
[2026-04-13 03:00] Backup complete.
